---
source: core/src/pinboard/tests.rs
expression: posts
---
- href: "https://github.com/janestreet/magic-trace"
  time: "2022-04-23T00:29:36Z"
  description: "janestreet/magic-trace: magic-trace collects and displays high-resolution traces of what a process is doing"
  extended: tragically intel-only
  tags:
    - performance
    - profiling
    - tools
  hash: 54dab27be2409c987bb17fc06e47a729
  shared: true
  toread: false
- href: "https://www.intel.com/content/www/us/en/developer/tools/oneapi/vtune-profiler.html#gs.x8oazh"
  time: "2022-04-13T13:12:10Z"
  description: Fix Performance Bottlenecks with Intel® VTune™ Profiler
  extended: ~
  tags:
    - performance
    - profiling
    - tools
  hash: 2ab1611711c8bb5ed9273b8f4b612fca
  shared: false
  toread: true
- href: "http://kcachegrind.sourceforge.net/html/Home.html"
  time: "2022-04-13T08:01:32Z"
  description: ~
  extended: ~
  tags:
    - performance
    - profiling
    - tools
  hash: 0850c315d075a67430db267214b18d13
  shared: false
  toread: false
