---
source: core/src/pinboard/tests.rs
expression: posts
---
[]
