<!DOCTYPE NETSCAPE-Bookmark-file-1>
<META HTTP-EQUIV="Content-Type" CONTENT="text/html; charset=UTF-8">
<TITLE>Bookmarks</TITLE>
<H1>Bookmarks</H1>
<DL><p>
    <DT><A HREF="https://rust-lang.org/" ADD_DATE="1700006400" TAGS="programming,rust" PRIVATE="1">Rust Website</A>
    <DT><A HREF="https://users.rust-lang.org/" ADD_DATE="1700006400" TAGS="programming,rust" PRIVATE="1">https://users.rust-lang.org/</A>
    <DT><A HREF="https://code.visualstudio.com/" ADD_DATE="1700006400" TAGS="editor,programming,tools" PRIVATE="1">VS Code</A>
</DL><p>