Usage: hbt [OPTIONS] <FILE>

Arguments:
  <FILE>  Input file

Options:
  -f, --from <FROM>      Input format [possible values: html, json, xml, markdown]
  -t, --to <TO>          Output format [possible values: yaml, html]
  -o, --output <OUTPUT>  Output file (defaults to stdout)
      --info             Show collection info (entity count)
      --list-tags        List all tags
      --mappings <FILE>  Read mappings from <FILE>
  -h, --help             Print help
  -V, --version          Print version
