Error: Must specify an output format (-t) or analysis flag (--info, --list-tags)
