---
source: core/src/collection/tests.rs
expression: collection
---
version: 0.1.0
length: 3
value:
  - id: 0
    entity:
      uri: "https://foo.com/"
      createdAt: 1700006400
      updatedAt: []
      names:
        - Foo
      labels:
        - foo
      shared: false
      toRead: false
      isFeed: false
    edges:
      - 1
      - 2
  - id: 1
    entity:
      uri: "https://bar.com/"
      createdAt: 1700006400
      updatedAt: []
      names:
        - Bar
      labels:
        - bar
        - foo
      shared: false
      toRead: false
      isFeed: false
    edges:
      - 0
  - id: 2
    entity:
      uri: "https://baz.com/"
      createdAt: 1700006400
      updatedAt: []
      names:
        - Baz
      labels:
        - bar
        - baz
        - foo
      shared: false
      toRead: false
      isFeed: false
    edges:
      - 0
