---
source: core/src/markdown/tests.rs
expression: collection
---
version: 0.1.0
length: 5
value:
  - id: 0
    entity:
      uri: "https://foo.com/"
      createdAt: 1700179200
      updatedAt: []
      names:
        - Foo
      labels:
        - Foo
      shared: false
      toread: false
      isFeed: false
    edges:
      - 1
      - 2
      - 4
  - id: 1
    entity:
      uri: "https://bar.com/"
      createdAt: 1700179200
      updatedAt: []
      names: []
      labels:
        - Foo
      shared: false
      toread: false
      isFeed: false
    edges:
      - 0
  - id: 2
    entity:
      uri: "https://example.com/"
      createdAt: 1700179200
      updatedAt: []
      names:
        - "Hello, world!"
      labels:
        - Foo
      shared: false
      toread: false
      isFeed: false
    edges:
      - 0
      - 3
  - id: 3
    entity:
      uri: "https://quux.com/"
      createdAt: 1700179200
      updatedAt: []
      names:
        - Quux
      labels:
        - Foo
      shared: false
      toread: false
      isFeed: false
    edges:
      - 2
  - id: 4
    entity:
      uri: "https://baz.com/"
      createdAt: 1700179200
      updatedAt: []
      names: []
      labels:
        - Foo
      shared: false
      toread: false
      isFeed: false
    edges:
      - 0
