---
source: core/src/markdown/tests.rs
expression: collection
---
version: 0.1.0
length: 4
value:
  - id: 0
    entity:
      uri: "https://foo.com/"
      createdAt: 1700006400
      updatedAt: []
      names:
        - Foo
      labels: []
      shared: false
      toread: false
      isFeed: false
    edges:
      - 1
      - 2
      - 3
  - id: 1
    entity:
      uri: "https://bar.com/"
      createdAt: 1700006400
      updatedAt: []
      names:
        - Bar
      labels: []
      shared: false
      toread: false
      isFeed: false
    edges:
      - 0
  - id: 2
    entity:
      uri: "https://baz.com/"
      createdAt: 1700006400
      updatedAt: []
      names:
        - Baz
      labels: []
      shared: false
      toread: false
      isFeed: false
    edges:
      - 0
  - id: 3
    entity:
      uri: "https://quux.com/"
      createdAt: 1700006400
      updatedAt: []
      names:
        - Quux
      labels: []
      shared: false
      toread: false
      isFeed: false
    edges:
      - 0
