---
source: core/src/markdown/tests.rs
expression: collection
---
version: 0.1.0
length: 0
value: []
