{
  "version": "0.1.0",
  "length": 3,
  "value": [
    {
      "id": 0,
      "entity": {
        "uri": "https://rust-lang.org/",
        "createdAt": 1700006400,
        "updatedAt": [],
        "names": [
          "Rust Website"
        ],
        "labels": [
          "programming",
          "rust"
        ],
        "shared": false,
        "toread": false
      },
      "edges": []
    },
    {
      "id": 1,
      "entity": {
        "uri": "https://users.rust-lang.org/",
        "createdAt": 1700006400,
        "updatedAt": [],
        "names": [],
        "labels": [
          "programming",
          "rust"
        ],
        "shared": false,
        "toread": false
      },
      "edges": []
    },
    {
      "id": 2,
      "entity": {
        "uri": "https://code.visualstudio.com/",
        "createdAt": 1700006400,
        "updatedAt": [],
        "names": [
          "VS Code"
        ],
        "labels": [
          "editor",
          "programming",
          "tools"
        ],
        "shared": false,
        "toread": false
      },
      "edges": []
    }
  ]
}
